// Jest Snapshot v1, https://goo.gl/fbAQLP

exports[`CounterButton snapshot test 1`] = `"<button color=\\"red\\">Count: 0</button>"`;
