// Jest Snapshot v1, https://goo.gl/fbAQLP

exports[`compare header snapshot 1`] = `"<div><h1 class=\\"f1\\">RoboFriends</h1><button color=\\"red\\">Count: 0</button></div>"`;

exports[`compare header snapshot 2`] = `"<div><h1 class=\\"f1\\">RoboFriends</h1><button color=\\"red\\">Count: 0</button></div>"`;
